// Jest Snapshot v1, https://goo.gl/fbAQLP

exports[`Snapshot 1`] = `
Object {
  "Outputs": Object {
    "output": Object {
      "Value": "hello world",
    },
  },
}
`;
